

> web@0.1.0 build
> next build

[1G[0K[1m[38;2;173;127;168m▲ Next.js 16.1.6[39m[22m (Turbopack)

[37m[1m [22m[39m Creating an optimized production build ...
[32m[1m✓[22m[39m Compiled successfully in 2.3s
[?25l[37m[1m [22m[39m Running TypeScript  [36m.[39m[2K[1G[37m[1m [22m[39m Running TypeScript  [36m..[39m[2K[1G[37m[1m [22m[39m Running TypeScript  [36m...[39m[2K[1G[37m[1m [22m[39m Running TypeScript  [36m.[39m[2K[1G[37m[1m [22m[39m Running TypeScript  [36m..[39m[2K[1G[37m[1m [22m[39m Running TypeScript  [36m...[39m[2K[1G[37m[1m [22m[39m Running TypeScript  [36m.[39m[2K[1G[37m[1m [22m[39m Running TypeScript  [36m..[39m[2K[1G[37m[1m [22m[39m Running TypeScript  [36m...[39m[2K[1G[?25h[?25l[37m[1m [22m[39m Finished TypeScript in 1725.7ms  [36m.[39m[2K[1G[1A[2K[1G[?25h[37m[1m [22m[39m Finished TypeScript in 1725.7ms    [32m[1m✓[22m[39m Finished TypeScript in 1725.7ms 
[?25l[37m[1m [22m[39m Collecting page data using 9 workers  [36m.[39m[2K[1G[1A[2K[1G[37m[1m [22m[39m Collecting page data using 9 workers  [36m..[39m[2K[1G[1A[2K[1G[37m[1m [22m[39m Collecting page data using 9 workers  [36m...[39m[2K[1G[1A[2K[1G[?25h[37m[1m [22m[39m Collecting page data using 9 workers in 510.3ms    [32m[1m✓[22m[39m Collecting page data using 9 workers in 510.3ms 
[?25l[37m[1m [22m[39m Generating static pages using 9 workers (0/10)  [36m[    ][39m[2K[1G[1A[2K[1G[37m[1m [22m[39m Generating static pages using 9 workers (0/10)  [36m[=   ][39m[2K[1G[1A[2K[1G[?25h[32m[1m✓[22m[39m Generating static pages using 9 workers (10/10) in 250.0ms
[?25l[37m[1m [22m[39m Finalizing page optimization  [36m.[39m[2K[1G[1A[2K[1G[?25h[37m[1m [22m[39m Finalizing page optimization in 17.3ms    [32m[1m✓[22m[39m Finalizing page optimization in 17.3ms 

[4mRoute (app)[24m
┌ ○ /
├ ○ /_not-found
├ ○ /about
├ ○ /blog
├ ○ /contact
├ ○ /racing
├ ○ /recruit
└ ○ /tech


○  (Static)  prerendered as static content

[?25h[1G[0K⠙[1G[0K
